[Error: ENOENT: no such file or directory, open 'C:\Desarrollo\cuantia-prod-repositorios\resources\logs\logs.txt'] {
  errno: -4058,
  code: 'ENOENT',
  syscall: 'open',
  path: 'C:\\Desarrollo\\cuantia-prod-repositorios\\resources\\logs\\logs.txt'
}
[Error: ENOENT: no such file or directory, open 'C:\Desarrollo\cuantia-prod-repositorios\resources\logs\logs.txt'] {
  errno: -4058,
  code: 'ENOENT',
  syscall: 'open',
  path: 'C:\\Desarrollo\\cuantia-prod-repositorios\\resources\\logs\\logs.txt'
}
[Error: ENOENT: no such file or directory, open 'C:\Desarrollo\cuantia-prod-repositorios\resources\logs\logs.txt'] {
  errno: -4058,
  code: 'ENOENT',
  syscall: 'open',
  path: 'C:\\Desarrollo\\cuantia-prod-repositorios\\resources\\logs\\logs.txt'
}
[Error: ENOENT: no such file or directory, open 'C:\Desarrollo\cuantia-prod-repositorios\resources\logs\logs.txt'] {
  errno: -4058,
  code: 'ENOENT',
  syscall: 'open',
  path: 'C:\\Desarrollo\\cuantia-prod-repositorios\\resources\\logs\\logs.txt'
}
[Error: ENOENT: no such file or directory, open 'C:\Desarrollo\cuantia-prod-repositorios\resources\logs\logs.txt'] {
  errno: -4058,
  code: 'ENOENT',
  syscall: 'open',
  path: 'C:\\Desarrollo\\cuantia-prod-repositorios\\resources\\logs\\logs.txt'
}
[Error: ENOENT: no such file or directory, open 'C:\Desarrollo\cuantia-prod-repositorios\resources\logs\logs.txt'] {
  errno: -4058,
  code: 'ENOENT',
  syscall: 'open',
  path: 'C:\\Desarrollo\\cuantia-prod-repositorios\\resources\\logs\\logs.txt'
}
[Error: ENOENT: no such file or directory, open 'C:\Desarrollo\cuantia-prod-repositorios\resources\logs\logs.txt'] {
  errno: -4058,
  code: 'ENOENT',
  syscall: 'open',
  path: 'C:\\Desarrollo\\cuantia-prod-repositorios\\resources\\logs\\logs.txt'
}
[Error: ENOENT: no such file or directory, open 'C:\Desarrollo\cuantia-prod-repositorios\resources\logs\logs.txt'] {
  errno: -4058,
  code: 'ENOENT',
  syscall: 'open',
  path: 'C:\\Desarrollo\\cuantia-prod-repositorios\\resources\\logs\\logs.txt'
}
