[32m(LOG)[39m[34m --- [37mSYSTEM[34m --- [39m[33m(2026-03-10 11:08:12 am)[39m SERVE ON PORT: 8092
[32m(LOG)[39m[34m --- [37mSYSTEM[34m --- [39m[33m(2026-03-10 11:08:12 am)[39m WEB SOCKET ON PORT: 8097
[32m(LOG)[39m[34m --- [37mSYSTEM[34m --- [39m[33m(2026-03-10 11:08:12 am)[39m FIREBIRD_POOL_START_SUCCESFULL
[31m(ERROR)[39m[34m --- [37mSYSTEM[34m --- [39m[33m(2026-03-10 11:08:12 am)[39m[31m NAME: [39mSYSTEM_UNCAUGHT_ERROR[31m ERROR: [39mError: ENOENT: no such file or directory, open 'C:\Desarrollo\cuantia-prod-repositorios\resources\logs\logs.txt'[31m PARAMS: [39mUNKNOW_PARAMS
[32m(LOG)[39m[34m --- [37mSYSTEM[34m --- [39m[33m(2026-03-10 11:08:12 am)[39m FIREBIRD_CONNECTION_SUCCESFULL
[32m(LOG)[39m[34m --- [37mSYSTEM[34m --- [39m[33m(2026-03-10 11:08:12 am)[39m FIREBIRD_DETACH_DATABASE
[32m(LOG)[39m[34m --- [37mSYSTEM[34m --- [39m[33m(2026-03-10 11:08:12 am)[39m MONGO_CONNECTION_SUCCESFULL
[32m(LOG)[39m[34m --- [37mSYSTEM[34m --- [39m[33m(2026-03-10 11:08:12 am)[39m LAS BASES DE DATOS SE INICIARON CORRECTAMENTE
[32m(LOG)[39m[34m --- [37mSYSTEM[34m --- [39m[33m(2026-03-10 11:08:12 am)[39m LOS JOBS INICIARON CORRECTAMENTE
[32m(LOG)[39m[34m --- [37mactPrecios[34m --- [39m[33m(2026-03-10 11:08:13 am)[39m SE HA INICIADO EL JOB DE ACTUALIZACIÓN DE PRECIOS
[32m(LOG)[39m[34m --- [37mcuantiaLogin[34m --- [39m[33m(2026-03-10 11:08:13 am)[39m SE HA INICIADO EL JOB DE AUTENTICACIÓN CON CUANTIA
[32m(LOG)[39m[34m --- [37mactQrs[34m --- [39m[33m(2026-03-10 11:08:13 am)[39m SE HA INICIADO EL JOB DE ACTUALIZACIÓN DE QRS
[32m(LOG)[39m[34m --- [37maudits[34m --- [39m[33m(2026-03-10 11:08:13 am)[39m SE HA INICIADO EL JOB DE AUDITORIAS NO SENSIBLES
[32m(LOG)[39m[34m --- [37mimportProducts[34m --- [39m[33m(2026-03-10 11:08:13 am)[39m SE HA INICIADO EL JOB DE IMPORTACIÓN DE PRODUCTOS
[33m(WARNING)[39m[34m --- [37maudits[34m --- [39m[33m(2026-03-10 11:08:13 am)[39m EL JOB DE AUDICIÓN DE PRODUCTOS NO SENSIBLES HA FALLADO
[31m(ERROR)[39m[34m --- [37maudits[34m --- [39m[33m(2026-03-10 11:08:13 am)[39m[31m NAME: [39mONLY_SENSITIVE_PRODUCTS[31m ERROR: [39mSYSTEM_ERROR[31m PARAMS: [39m{"NoSensitiveProducts":0}
[32m(LOG)[39m[34m --- [37mactQrs[34m --- [39m[33m(2026-03-10 11:08:13 am)[39m TODOS LOS PRODUCTOS TIENEN QR
[32m(LOG)[39m[34m --- [37mactQrs[34m --- [39m[33m(2026-03-10 11:08:13 am)[39m SE HA COMPLETADO EL JOB DE ACTUALIZACIÓN DE QRS
[32m(LOG)[39m[34m --- [37mactTasas[34m --- [39m[33m(2026-03-10 11:08:13 am)[39m SE HA INICIADO EL JOB DE ACTUALIZACIÓN DE TASAS
[32m(LOG)[39m[34m --- [37mimportProducts[34m --- [39m[33m(2026-03-10 11:08:13 am)[39m SE CONSULTARON TODOS LOS PRODUCTOS TERMINADOS
[32m(LOG)[39m[34m --- [37mimportProducts[34m --- [39m[33m(2026-03-10 11:08:13 am)[39m SE PROCESARON TODOS LOS STOCKS DE LOS PRODUCTOS
[32m(LOG)[39m[34m --- [37mactPrecios[34m --- [39m[33m(2026-03-10 11:08:13 am)[39m SE HA CONSULTADO EL CORRELATIVO: 171325
[32m(LOG)[39m[34m --- [37mactPrecios[34m --- [39m[33m(2026-03-10 11:08:13 am)[39m EL ULTIMO CORRELATIVO GUARDADO ES EL: 171242
[32m(LOG)[39m[34m --- [37mactPrecios[34m --- [39m[33m(2026-03-10 11:08:13 am)[39m EL JOB DETECTO UNA NUEVA VENTA, SE INICIARA EL PROCESO DE ACTUALIZACIÓN DE PRECIOS
[32m(LOG)[39m[34m --- [37mactTasas[34m --- [39m[33m(2026-03-10 11:08:13 am)[39m SE HAN ACTUALIZADOS LAS TASAS EN CUANTIA
[32m(LOG)[39m[34m --- [37mactTasas[34m --- [39m[33m(2026-03-10 11:08:13 am)[39m SE HA COMPLETADO EL JOB DE ACTUALIZACIÓN DE TASAS
[32m(LOG)[39m[34m --- [37mcuantiaLogin[34m --- [39m[33m(2026-03-10 11:08:13 am)[39m SE HA AUTENTICADO CON CUANTIA Y ACTUALIZADO EL TOKEN
[32m(LOG)[39m[34m --- [37mcuantiaLogin[34m --- [39m[33m(2026-03-10 11:08:13 am)[39m SE HA COMPLETADO EL JOB DE AUTENTICACIÓN CON CUANTIA
[32m(LOG)[39m[34m --- [37mcrtImgs[34m --- [39m[33m(2026-03-10 11:08:13 am)[39m PRODUCTOS EN CUANTIA SIN IMAGEN: 1398,016,7591016605806,IOSTA0034,1481,0008,1285,POLLO-002,7592811000438,7591031001270,00050,7591206285504,709862192136,IOFIO0027,012546011624,1422,073390055165, 722776001251,8435564905737,IOINV0025,1496,7591357000261,7593922000041,722776001301,SERVICIO-006005,011210115132,SERVICIO-009005,1443,SERVICIO-001,2024092,5900535012651,1503,TEQUEÑO-001,1335,012546011426,003,1521,0031,1413,IOINV0003,7702174087278,00930000218,50196081,DANIBISKMINI001,709862294113, 722776001302,7591082010269,1311,QB015,7592647004693
[32m(LOG)[39m[34m --- [37mcrtImgs[34m --- [39m[33m(2026-03-10 11:08:13 am)[39m SE HAN ENCONTRADO 0 IMAGENES EN VALERY
[33m(WARNING)[39m[34m --- [37mcrtImgs[34m --- [39m[33m(2026-03-10 11:08:13 am)[39m NO SE CONSIGUIERON IMAGENES PARA LOS SIGUIENTES PRODUCTOS: 1398,016,7591016605806,IOSTA0034,1481,0008,1285,POLLO-002,7592811000438,7591031001270,00050,7591206285504,709862192136,IOFIO0027,012546011624,1422,073390055165, 722776001251,8435564905737,IOINV0025,1496,7591357000261,7593922000041,722776001301,SERVICIO-006005,011210115132,SERVICIO-009005,1443,SERVICIO-001,2024092,5900535012651,1503,TEQUEÑO-001,1335,012546011426,003,1521,0031,1413,IOINV0003,7702174087278,00930000218,50196081,DANIBISKMINI001,709862294113, 722776001302,7591082010269,1311,QB015,7592647004693
[32m(LOG)[39m[34m --- [37mcrtImgs[34m --- [39m[33m(2026-03-10 11:08:13 am)[39m SE ENVIARAN LAS IMAGENES PARA LOS SIGUIENTES PRODUCTOS: 
[32m(LOG)[39m[34m --- [37mcrtImgs[34m --- [39m[33m(2026-03-10 11:08:13 am)[39m EL JOB DE IMPORTACION DE IMAGENES HA COMPLETADO
[32m(LOG)[39m[34m --- [37mactPrecios[34m --- [39m[33m(2026-03-10 11:08:13 am)[39m SE DETERMINARAN LOS PRODUCTOS QUE REQUIEREN ACTUALIZACIÓN
[32m(LOG)[39m[34m --- [37mactPrecios[34m --- [39m[33m(2026-03-10 11:08:16 am)[39m SE ACTUALIZARAN LOS SIGUIENTES PRODUCTOS: 00000111,00000112,000005,000012,00002028,0001,00012,00021,009800120499,021000010615,1013,1014,1016,1073,1274,1318,1321,1335,1359,1370,1402,1443,1446,1484,1487,1490,1491,150789,200653,345644245,5287000553278,5414294122846,6291108160121,7453111203489,7590011890910,75902940,75903169,75903183,75903626,7591016008669,7591016013083,7591016851555,7591031000211,7591031001959,7591031001980,7591039996271,7591084000473,7591098000490,7591127104540,7591127122520,7591127123329,7591127354570,7591127501868,7591127713605,7591127714404,7591206000381,7591206114378,7591206285504,7591446003821,7591446003913,7591446008611,7591446009267,7591664000046,7591675000424,7591675004781,7591720029608,75918729,75920913,7592113000037,7592647002910,75930578,75950064,7596485000411,7598928245625,7598928245632,7598986000976,7598986002390,7622210262202,7702090039214,7702174079402,7703133073509,7703133087056,7891000248768,7891151031141,7891151031189,7891151039758,8436006916984,COCHINO-002,PIZ-SAL001,SOLOMO-007,1180,1181,1182,1212,1227,1231,1236,1239,1240,1241,1243,1245,1275,1276,1277,1278,1282,1283,1284,1285,1288,1291,1292,1293,1296,1299,1300,1308,1319,1325,1326,1327,1338,1346,1350,1366,1367,1368,1369,1376,1382,1383,1386,1397,1398,1409,1411,1416,1418,1419,1430,1433,1437,1438,1442,1444,1452,1495,1503,1507,SERVICIO-014,SERVICIO-018,TOBO-002,TOBO-008,TOBO-009,TOBO-022,TOBO-024
[32m(LOG)[39m[34m --- [37mimportProducts[34m --- [39m[33m(2026-03-10 11:08:18 am)[39m SE HA COMPLETADO EL JOB DE IMPORTACIÓN DE PRODUCTOS
[32m(LOG)[39m[34m --- [37mactPrecios[34m --- [39m[33m(2026-03-10 11:08:21 am)[39m LOS RESULTADOS DE LA ACTUALIZACIÓN SON: COMPLETADOS: 00000112,000005,000012,00002028,0001,00012,00021,009800120499,021000010615,1013,1014,1016,1073,1274,1318,1321,1335,1359,1370,1402,1443,1446,1484,1487,1490,1491,150789,345644245,5287000553278,5414294122846,6291108160121,7453111203489,7590011890910,75902940,75903626,7591016851555,7591031000211,7591031001959,7591031001980,7591039996271,7591084000473,7591098000490,7591127104540,7591127122520,7591127123329,7591127354570,7591127501868,7591127713605,7591127714404,7591206000381,7591206114378,7591206285504,7591446003821,7591446003913,7591446008611,7591446009267,7591664000046,7591675000424,7591675004781,7591720029608,75918729,75920913,7592113000037,7592647002910,75930578,7596485000411,7598928245625,7598928245632,7598986000976,7598986002390,7622210262202,7702090039214,7702174079402,7703133073509,7703133087056,7891000248768,7891151031141,7891151031189,7891151039758,8436006916984,PIZ-SAL001,1180,1181,1182,1227,1231,1236,1239,1240,1241,1243,1245,1275,1276,1277,1278,1282,1283,1284,1285,1288,1291,1292,1293,1296,1299,1300,1308,1319,1325,1326,1327,1338,1346,1350,1366,1367,1368,1369,1376,1382,1383,1386,1397,1398,1409,1411,1416,1418,1419,1430,1433,1437,1438,1442,1444,1452,1495,1503,1507,SERVICIO-014,SERVICIO-018,TOBO-002,TOBO-008,TOBO-009,TOBO-022,TOBO-024, FALLADOS: , NO EVALUADOS: , IGNORADOS: 00000111,200653,75903169,75903183,7591016008669,7591016013083,75950064,COCHINO-002,SOLOMO-007,1212, CREADOS: 
[32m(LOG)[39m[34m --- [37mactPrecios[34m --- [39m[33m(2026-03-10 11:08:34 am)[39m SE HAN GUARDADO LOS PRODUCTOS ACTUALIZADOS
[32m(LOG)[39m[34m --- [37mactPrecios[34m --- [39m[33m(2026-03-10 11:08:34 am)[39m SE HA COMPLETADO EL JOB DE ACTUALIZACIÓN DE PRECIOS
[32m(LOG)[39m[34m --- [37mREQUEST[34m --- [39m[33m(2026-03-10 11:08:53 am)[39m NUEVA PETICIÓN ENTRANTE DESDE ::ffff:192.168.100.80 AL ENDPOINT 192.168.100.80:8092/jobs
[32m(LOG)[39m[34m --- [37mREQUEST[34m --- [39m[33m(2026-03-10 11:08:53 am)[39m NUEVA PETICIÓN ENTRANTE DESDE ::ffff:192.168.100.80 AL ENDPOINT 192.168.100.80:8092/jobs/logs
[32m(LOG)[39m[34m --- [37mREQUEST[34m --- [39m[33m(2026-03-10 11:08:53 am)[39m NUEVA PETICIÓN ENTRANTE DESDE ::ffff:192.168.100.80 AL ENDPOINT 192.168.100.80:8092/jobs
[32m(LOG)[39m[34m --- [37mREQUEST[34m --- [39m[33m(2026-03-10 11:09:01 am)[39m NUEVA PETICIÓN ENTRANTE DESDE ::ffff:192.168.100.80 AL ENDPOINT 192.168.100.80:8092/jobs
[32m(LOG)[39m[34m --- [37mREQUEST[34m --- [39m[33m(2026-03-10 11:09:02 am)[39m NUEVA PETICIÓN ENTRANTE DESDE ::ffff:192.168.100.80 AL ENDPOINT 192.168.100.80:8092/inventory/statusAudit
[32m(LOG)[39m[34m --- [37mREQUEST[34m --- [39m[33m(2026-03-10 11:09:02 am)[39m NUEVA PETICIÓN ENTRANTE DESDE ::ffff:192.168.100.80 AL ENDPOINT 192.168.100.80:8092/inventory/getProducts
[32m(LOG)[39m[34m --- [37mREQUEST[34m --- [39m[33m(2026-03-10 11:09:02 am)[39m NUEVA PETICIÓN ENTRANTE DESDE ::ffff:192.168.100.80 AL ENDPOINT 192.168.100.80:8092/inventory/getCategories
[32m(LOG)[39m[34m --- [37mREQUEST[34m --- [39m[33m(2026-03-10 11:09:02 am)[39m EL USUARIO admin@admin.com HA CONSULTADO LA AUDITORIA NO_AUDIT_MATCH
[32m(LOG)[39m[34m --- [37mREQUEST[34m --- [39m[33m(2026-03-10 11:09:02 am)[39m NUEVA PETICIÓN ENTRANTE DESDE ::ffff:192.168.100.80 AL ENDPOINT 192.168.100.80:8092/inventory/getCategories
[32m(LOG)[39m[34m --- [37mREQUEST[34m --- [39m[33m(2026-03-10 11:09:04 am)[39m NUEVA PETICIÓN ENTRANTE DESDE ::ffff:192.168.100.80 AL ENDPOINT 192.168.100.80:8092/jobs/logs
[32m(LOG)[39m[34m --- [37mREQUEST[34m --- [39m[33m(2026-03-10 11:09:04 am)[39m NUEVA PETICIÓN ENTRANTE DESDE ::ffff:192.168.100.80 AL ENDPOINT 192.168.100.80:8092/jobs
[32m(LOG)[39m[34m --- [37mREQUEST[34m --- [39m[33m(2026-03-10 11:09:04 am)[39m NUEVA PETICIÓN ENTRANTE DESDE ::ffff:192.168.100.80 AL ENDPOINT 192.168.100.80:8092/jobs
[32m(LOG)[39m[34m --- [37mREQUEST[34m --- [39m[33m(2026-03-10 11:09:22 am)[39m NUEVA PETICIÓN ENTRANTE DESDE ::ffff:192.168.100.80 AL ENDPOINT 192.168.100.80:8092/jobs
[32m(LOG)[39m[34m --- [37mREQUEST[34m --- [39m[33m(2026-03-10 11:09:36 am)[39m NUEVA PETICIÓN ENTRANTE DESDE ::ffff:192.168.100.80 AL ENDPOINT 192.168.100.80:8092/jobs/logs
[32m(LOG)[39m[34m --- [37mREQUEST[34m --- [39m[33m(2026-03-10 11:09:36 am)[39m NUEVA PETICIÓN ENTRANTE DESDE ::ffff:192.168.100.80 AL ENDPOINT 192.168.100.80:8092/jobs
[32m(LOG)[39m[34m --- [37mREQUEST[34m --- [39m[33m(2026-03-10 11:09:36 am)[39m NUEVA PETICIÓN ENTRANTE DESDE ::ffff:192.168.100.80 AL ENDPOINT 192.168.100.80:8092/jobs
[32m(LOG)[39m[34m --- [37mSYSTEM[34m --- [39m[33m(2026-03-10 11:14:08 am)[39m SERVE ON PORT: 8092
[32m(LOG)[39m[34m --- [37mSYSTEM[34m --- [39m[33m(2026-03-10 11:14:08 am)[39m WEB SOCKET ON PORT: 8097
[32m(LOG)[39m[34m --- [37mSYSTEM[34m --- [39m[33m(2026-03-10 11:14:08 am)[39m FIREBIRD_POOL_START_SUCCESFULL
[31m(ERROR)[39m[34m --- [37mSYSTEM[34m --- [39m[33m(2026-03-10 11:14:08 am)[39m[31m NAME: [39mSYSTEM_UNCAUGHT_ERROR[31m ERROR: [39mError: ENOENT: no such file or directory, open 'C:\Desarrollo\cuantia-prod-repositorios\resources\logs\logs.txt'[31m PARAMS: [39mUNKNOW_PARAMS
[32m(LOG)[39m[34m --- [37mSYSTEM[34m --- [39m[33m(2026-03-10 11:14:09 am)[39m FIREBIRD_CONNECTION_SUCCESFULL
[32m(LOG)[39m[34m --- [37mSYSTEM[34m --- [39m[33m(2026-03-10 11:14:09 am)[39m FIREBIRD_DETACH_DATABASE
[32m(LOG)[39m[34m --- [37mSYSTEM[34m --- [39m[33m(2026-03-10 11:14:09 am)[39m MONGO_CONNECTION_SUCCESFULL
[32m(LOG)[39m[34m --- [37mSYSTEM[34m --- [39m[33m(2026-03-10 11:14:09 am)[39m LAS BASES DE DATOS SE INICIARON CORRECTAMENTE
[32m(LOG)[39m[34m --- [37mSYSTEM[34m --- [39m[33m(2026-03-10 11:14:09 am)[39m LOS JOBS INICIARON CORRECTAMENTE
[32m(LOG)[39m[34m --- [37mactPrecios[34m --- [39m[33m(2026-03-10 11:14:09 am)[39m SE HA INICIADO EL JOB DE ACTUALIZACIÓN DE PRECIOS
[32m(LOG)[39m[34m --- [37mcuantiaLogin[34m --- [39m[33m(2026-03-10 11:14:09 am)[39m SE HA INICIADO EL JOB DE AUTENTICACIÓN CON CUANTIA
[32m(LOG)[39m[34m --- [37mactQrs[34m --- [39m[33m(2026-03-10 11:14:09 am)[39m SE HA INICIADO EL JOB DE ACTUALIZACIÓN DE QRS
[33m(WARNING)[39m[34m --- [37mcuantiaLogin[34m --- [39m[33m(2026-03-10 11:14:09 am)[39m EL JOB DE AUTENTICACIÓN CON CUANTIA HA FALLADO
[31m(ERROR)[39m[34m --- [37mcuantiaLogin[34m --- [39m[33m(2026-03-10 11:14:09 am)[39m[31m NAME: [39mCUANTIA_CONNECT_FAILED[31m ERROR: [39mError: connect ECONNREFUSED ::1:4000[31m PARAMS: [39mhttp://localhost:4000/graphql
[32m(LOG)[39m[34m --- [37maudits[34m --- [39m[33m(2026-03-10 11:14:09 am)[39m SE HA INICIADO EL JOB DE AUDITORIAS NO SENSIBLES
[33m(WARNING)[39m[34m --- [37maudits[34m --- [39m[33m(2026-03-10 11:14:09 am)[39m EL JOB DE AUDICIÓN DE PRODUCTOS NO SENSIBLES HA FALLADO
[31m(ERROR)[39m[34m --- [37maudits[34m --- [39m[33m(2026-03-10 11:14:09 am)[39m[31m NAME: [39mONLY_SENSITIVE_PRODUCTS[31m ERROR: [39mSYSTEM_ERROR[31m PARAMS: [39m{"NoSensitiveProducts":0}
[32m(LOG)[39m[34m --- [37mimportProducts[34m --- [39m[33m(2026-03-10 11:14:09 am)[39m SE HA INICIADO EL JOB DE IMPORTACIÓN DE PRODUCTOS
[32m(LOG)[39m[34m --- [37mimportProducts[34m --- [39m[33m(2026-03-10 11:14:09 am)[39m SE CONSULTARON TODOS LOS PRODUCTOS TERMINADOS
[32m(LOG)[39m[34m --- [37mimportProducts[34m --- [39m[33m(2026-03-10 11:14:09 am)[39m SE PROCESARON TODOS LOS STOCKS DE LOS PRODUCTOS
[32m(LOG)[39m[34m --- [37mactTasas[34m --- [39m[33m(2026-03-10 11:14:09 am)[39m SE HA INICIADO EL JOB DE ACTUALIZACIÓN DE TASAS
[33m(WARNING)[39m[34m --- [37mcrtImgs[34m --- [39m[33m(2026-03-10 11:14:09 am)[39m EL JOB DE IMPORTACION DE IMAGENES AH FALLADO
[31m(ERROR)[39m[34m --- [37mcrtImgs[34m --- [39m[33m(2026-03-10 11:14:09 am)[39m[31m NAME: [39mUNKNOW_ERROR[31m ERROR: [39mError: connect ECONNREFUSED ::1:4000[31m PARAMS: [39mUNKNOW_PARAMS
[32m(LOG)[39m[34m --- [37mactQrs[34m --- [39m[33m(2026-03-10 11:14:09 am)[39m TODOS LOS PRODUCTOS TIENEN QR
[32m(LOG)[39m[34m --- [37mactQrs[34m --- [39m[33m(2026-03-10 11:14:09 am)[39m SE HA COMPLETADO EL JOB DE ACTUALIZACIÓN DE QRS
[33m(WARNING)[39m[34m --- [37mactTasas[34m --- [39m[33m(2026-03-10 11:14:09 am)[39m EL JOB DE ACTUALIZACIÓN HA FALLADO
[31m(ERROR)[39m[34m --- [37mactTasas[34m --- [39m[33m(2026-03-10 11:14:09 am)[39m[31m NAME: [39mCUANTIA_CONNECT_FAILED[31m ERROR: [39mError: connect ECONNREFUSED ::1:4000[31m PARAMS: [39mhttp://localhost:4000/graphql
[32m(LOG)[39m[34m --- [37mactPrecios[34m --- [39m[33m(2026-03-10 11:14:12 am)[39m SE HA CONSULTADO EL CORRELATIVO: 171325
[32m(LOG)[39m[34m --- [37mactPrecios[34m --- [39m[33m(2026-03-10 11:14:12 am)[39m EL ULTIMO CORRELATIVO GUARDADO ES EL: 171325
[32m(LOG)[39m[34m --- [37mactPrecios[34m --- [39m[33m(2026-03-10 11:14:12 am)[39m EL JOB NO DETECTO NINGUNA VENTA
[32m(LOG)[39m[34m --- [37mactPrecios[34m --- [39m[33m(2026-03-10 11:14:12 am)[39m SE HA COMPLETADO EL JOB DE ACTUALIZACIÓN DE PRECIOS
[32m(LOG)[39m[34m --- [37mimportProducts[34m --- [39m[33m(2026-03-10 11:14:14 am)[39m SE HA COMPLETADO EL JOB DE IMPORTACIÓN DE PRODUCTOS
[32m(LOG)[39m[34m --- [37mSYSTEM[34m --- [39m[33m(2026-03-10 11:24:05 am)[39m SERVE ON PORT: 8092
[32m(LOG)[39m[34m --- [37mSYSTEM[34m --- [39m[33m(2026-03-10 11:24:05 am)[39m WEB SOCKET ON PORT: 8097
[32m(LOG)[39m[34m --- [37mSYSTEM[34m --- [39m[33m(2026-03-10 11:24:05 am)[39m FIREBIRD_POOL_START_SUCCESFULL
[31m(ERROR)[39m[34m --- [37mSYSTEM[34m --- [39m[33m(2026-03-10 11:24:05 am)[39m[31m NAME: [39mSYSTEM_UNCAUGHT_ERROR[31m ERROR: [39mError: ENOENT: no such file or directory, open 'C:\Desarrollo\cuantia-prod-repositorios\resources\logs\logs.txt'[31m PARAMS: [39mUNKNOW_PARAMS
[32m(LOG)[39m[34m --- [37mSYSTEM[34m --- [39m[33m(2026-03-10 11:24:05 am)[39m FIREBIRD_CONNECTION_SUCCESFULL
[32m(LOG)[39m[34m --- [37mSYSTEM[34m --- [39m[33m(2026-03-10 11:24:05 am)[39m FIREBIRD_DETACH_DATABASE
[32m(LOG)[39m[34m --- [37mSYSTEM[34m --- [39m[33m(2026-03-10 11:24:05 am)[39m MONGO_CONNECTION_SUCCESFULL
[32m(LOG)[39m[34m --- [37mSYSTEM[34m --- [39m[33m(2026-03-10 11:24:05 am)[39m LAS BASES DE DATOS SE INICIARON CORRECTAMENTE
[32m(LOG)[39m[34m --- [37mSYSTEM[34m --- [39m[33m(2026-03-10 11:24:05 am)[39m LOS JOBS INICIARON CORRECTAMENTE
[32m(LOG)[39m[34m --- [37mactPrecios[34m --- [39m[33m(2026-03-10 11:24:06 am)[39m SE HA INICIADO EL JOB DE ACTUALIZACIÓN DE PRECIOS
[32m(LOG)[39m[34m --- [37mcuantiaLogin[34m --- [39m[33m(2026-03-10 11:24:06 am)[39m SE HA INICIADO EL JOB DE AUTENTICACIÓN CON CUANTIA
[32m(LOG)[39m[34m --- [37mactQrs[34m --- [39m[33m(2026-03-10 11:24:06 am)[39m SE HA INICIADO EL JOB DE ACTUALIZACIÓN DE QRS
[33m(WARNING)[39m[34m --- [37mcuantiaLogin[34m --- [39m[33m(2026-03-10 11:24:06 am)[39m EL JOB DE AUTENTICACIÓN CON CUANTIA HA FALLADO
[31m(ERROR)[39m[34m --- [37mcuantiaLogin[34m --- [39m[33m(2026-03-10 11:24:06 am)[39m[31m NAME: [39mCUANTIA_CONNECT_FAILED[31m ERROR: [39mError: connect ECONNREFUSED ::1:4000[31m PARAMS: [39mhttp://localhost:4000/graphql
[32m(LOG)[39m[34m --- [37maudits[34m --- [39m[33m(2026-03-10 11:24:06 am)[39m SE HA INICIADO EL JOB DE AUDITORIAS NO SENSIBLES
[32m(LOG)[39m[34m --- [37mimportProducts[34m --- [39m[33m(2026-03-10 11:24:06 am)[39m SE HA INICIADO EL JOB DE IMPORTACIÓN DE PRODUCTOS
[33m(WARNING)[39m[34m --- [37maudits[34m --- [39m[33m(2026-03-10 11:24:06 am)[39m EL JOB DE AUDICIÓN DE PRODUCTOS NO SENSIBLES HA FALLADO
[31m(ERROR)[39m[34m --- [37maudits[34m --- [39m[33m(2026-03-10 11:24:06 am)[39m[31m NAME: [39mONLY_SENSITIVE_PRODUCTS[31m ERROR: [39mSYSTEM_ERROR[31m PARAMS: [39m{"NoSensitiveProducts":0}
[32m(LOG)[39m[34m --- [37mactTasas[34m --- [39m[33m(2026-03-10 11:24:06 am)[39m SE HA INICIADO EL JOB DE ACTUALIZACIÓN DE TASAS
[33m(WARNING)[39m[34m --- [37mcrtImgs[34m --- [39m[33m(2026-03-10 11:24:06 am)[39m EL JOB DE IMPORTACION DE IMAGENES AH FALLADO
[31m(ERROR)[39m[34m --- [37mcrtImgs[34m --- [39m[33m(2026-03-10 11:24:06 am)[39m[31m NAME: [39mUNKNOW_ERROR[31m ERROR: [39mError: connect ECONNREFUSED ::1:4000[31m PARAMS: [39mUNKNOW_PARAMS
[33m(WARNING)[39m[34m --- [37mactTasas[34m --- [39m[33m(2026-03-10 11:24:06 am)[39m EL JOB DE ACTUALIZACIÓN HA FALLADO
[31m(ERROR)[39m[34m --- [37mactTasas[34m --- [39m[33m(2026-03-10 11:24:06 am)[39m[31m NAME: [39mCUANTIA_CONNECT_FAILED[31m ERROR: [39mError: connect ECONNREFUSED ::1:4000[31m PARAMS: [39mhttp://localhost:4000/graphql
[32m(LOG)[39m[34m --- [37mimportProducts[34m --- [39m[33m(2026-03-10 11:24:06 am)[39m SE CONSULTARON TODOS LOS PRODUCTOS TERMINADOS
[32m(LOG)[39m[34m --- [37mimportProducts[34m --- [39m[33m(2026-03-10 11:24:06 am)[39m SE PROCESARON TODOS LOS STOCKS DE LOS PRODUCTOS
[32m(LOG)[39m[34m --- [37mactQrs[34m --- [39m[33m(2026-03-10 11:24:06 am)[39m TODOS LOS PRODUCTOS TIENEN QR
[32m(LOG)[39m[34m --- [37mactQrs[34m --- [39m[33m(2026-03-10 11:24:06 am)[39m SE HA COMPLETADO EL JOB DE ACTUALIZACIÓN DE QRS
[32m(LOG)[39m[34m --- [37mactPrecios[34m --- [39m[33m(2026-03-10 11:24:10 am)[39m SE HA CONSULTADO EL CORRELATIVO: 171333
[32m(LOG)[39m[34m --- [37mactPrecios[34m --- [39m[33m(2026-03-10 11:24:10 am)[39m EL ULTIMO CORRELATIVO GUARDADO ES EL: 171325
[32m(LOG)[39m[34m --- [37mactPrecios[34m --- [39m[33m(2026-03-10 11:24:10 am)[39m EL JOB DETECTO UNA NUEVA VENTA, SE INICIARA EL PROCESO DE ACTUALIZACIÓN DE PRECIOS
[32m(LOG)[39m[34m --- [37mactPrecios[34m --- [39m[33m(2026-03-10 11:24:10 am)[39m SE DETERMINARAN LOS PRODUCTOS QUE REQUIEREN ACTUALIZACIÓN
[32m(LOG)[39m[34m --- [37mimportProducts[34m --- [39m[33m(2026-03-10 11:24:12 am)[39m SE HA COMPLETADO EL JOB DE IMPORTACIÓN DE PRODUCTOS
[32m(LOG)[39m[34m --- [37mactPrecios[34m --- [39m[33m(2026-03-10 11:24:13 am)[39m SE ACTUALIZARAN LOS SIGUIENTES PRODUCTOS: 7591031005995,SERVICIO-015
[32m(LOG)[39m[34m --- [37mactPrecios[34m --- [39m[33m(2026-03-10 11:24:13 am)[39m LOS RESULTADOS DE LA ACTUALIZACIÓN SON: COMPLETADOS: 7591031005995,SERVICIO-015, FALLADOS: , NO EVALUADOS: , IGNORADOS: , CREADOS: 
[32m(LOG)[39m[34m --- [37mactPrecios[34m --- [39m[33m(2026-03-10 11:24:26 am)[39m SE HAN GUARDADO LOS PRODUCTOS ACTUALIZADOS
[32m(LOG)[39m[34m --- [37mactPrecios[34m --- [39m[33m(2026-03-10 11:24:26 am)[39m SE HA COMPLETADO EL JOB DE ACTUALIZACIÓN DE PRECIOS
[32m(LOG)[39m[34m --- [37mSYSTEM[34m --- [39m[33m(2026-03-10 11:26:19 am)[39m SERVE ON PORT: 8092
[32m(LOG)[39m[34m --- [37mSYSTEM[34m --- [39m[33m(2026-03-10 11:26:19 am)[39m WEB SOCKET ON PORT: 8097
[32m(LOG)[39m[34m --- [37mSYSTEM[34m --- [39m[33m(2026-03-10 11:26:19 am)[39m FIREBIRD_POOL_START_SUCCESFULL
[31m(ERROR)[39m[34m --- [37mSYSTEM[34m --- [39m[33m(2026-03-10 11:26:19 am)[39m[31m NAME: [39mSYSTEM_UNCAUGHT_ERROR[31m ERROR: [39mError: ENOENT: no such file or directory, open 'C:\Desarrollo\cuantia-prod-repositorios\resources\logs\logs.txt'[31m PARAMS: [39mUNKNOW_PARAMS
[32m(LOG)[39m[34m --- [37mSYSTEM[34m --- [39m[33m(2026-03-10 11:26:19 am)[39m FIREBIRD_CONNECTION_SUCCESFULL
[32m(LOG)[39m[34m --- [37mSYSTEM[34m --- [39m[33m(2026-03-10 11:26:19 am)[39m FIREBIRD_DETACH_DATABASE
[32m(LOG)[39m[34m --- [37mSYSTEM[34m --- [39m[33m(2026-03-10 11:26:19 am)[39m MONGO_CONNECTION_SUCCESFULL
[32m(LOG)[39m[34m --- [37mSYSTEM[34m --- [39m[33m(2026-03-10 11:26:19 am)[39m LAS BASES DE DATOS SE INICIARON CORRECTAMENTE
[32m(LOG)[39m[34m --- [37mSYSTEM[34m --- [39m[33m(2026-03-10 11:26:19 am)[39m LOS JOBS INICIARON CORRECTAMENTE
[32m(LOG)[39m[34m --- [37mactPrecios[34m --- [39m[33m(2026-03-10 11:26:19 am)[39m SE HA INICIADO EL JOB DE ACTUALIZACIÓN DE PRECIOS
[32m(LOG)[39m[34m --- [37mcuantiaLogin[34m --- [39m[33m(2026-03-10 11:26:19 am)[39m SE HA INICIADO EL JOB DE AUTENTICACIÓN CON CUANTIA
[32m(LOG)[39m[34m --- [37mactQrs[34m --- [39m[33m(2026-03-10 11:26:19 am)[39m SE HA INICIADO EL JOB DE ACTUALIZACIÓN DE QRS
[33m(WARNING)[39m[34m --- [37mcuantiaLogin[34m --- [39m[33m(2026-03-10 11:26:19 am)[39m EL JOB DE AUTENTICACIÓN CON CUANTIA HA FALLADO
[31m(ERROR)[39m[34m --- [37mcuantiaLogin[34m --- [39m[33m(2026-03-10 11:26:19 am)[39m[31m NAME: [39mCUANTIA_CONNECT_FAILED[31m ERROR: [39mError: connect ECONNREFUSED ::1:4000[31m PARAMS: [39mhttp://localhost:4000/graphql
[32m(LOG)[39m[34m --- [37maudits[34m --- [39m[33m(2026-03-10 11:26:19 am)[39m SE HA INICIADO EL JOB DE AUDITORIAS NO SENSIBLES
[32m(LOG)[39m[34m --- [37mimportProducts[34m --- [39m[33m(2026-03-10 11:26:19 am)[39m SE HA INICIADO EL JOB DE IMPORTACIÓN DE PRODUCTOS
[33m(WARNING)[39m[34m --- [37maudits[34m --- [39m[33m(2026-03-10 11:26:19 am)[39m EL JOB DE AUDICIÓN DE PRODUCTOS NO SENSIBLES HA FALLADO
[31m(ERROR)[39m[34m --- [37maudits[34m --- [39m[33m(2026-03-10 11:26:19 am)[39m[31m NAME: [39mONLY_SENSITIVE_PRODUCTS[31m ERROR: [39mSYSTEM_ERROR[31m PARAMS: [39m{"NoSensitiveProducts":0}
[32m(LOG)[39m[34m --- [37mactTasas[34m --- [39m[33m(2026-03-10 11:26:19 am)[39m SE HA INICIADO EL JOB DE ACTUALIZACIÓN DE TASAS
[32m(LOG)[39m[34m --- [37mimportProducts[34m --- [39m[33m(2026-03-10 11:26:19 am)[39m SE CONSULTARON TODOS LOS PRODUCTOS TERMINADOS
[32m(LOG)[39m[34m --- [37mimportProducts[34m --- [39m[33m(2026-03-10 11:26:19 am)[39m SE PROCESARON TODOS LOS STOCKS DE LOS PRODUCTOS
[32m(LOG)[39m[34m --- [37mactQrs[34m --- [39m[33m(2026-03-10 11:26:19 am)[39m TODOS LOS PRODUCTOS TIENEN QR
[32m(LOG)[39m[34m --- [37mactQrs[34m --- [39m[33m(2026-03-10 11:26:19 am)[39m SE HA COMPLETADO EL JOB DE ACTUALIZACIÓN DE QRS
[33m(WARNING)[39m[34m --- [37mcrtImgs[34m --- [39m[33m(2026-03-10 11:26:20 am)[39m EL JOB DE IMPORTACION DE IMAGENES AH FALLADO
[31m(ERROR)[39m[34m --- [37mcrtImgs[34m --- [39m[33m(2026-03-10 11:26:20 am)[39m[31m NAME: [39mUNKNOW_ERROR[31m ERROR: [39mError: connect ECONNREFUSED ::1:4000[31m PARAMS: [39mUNKNOW_PARAMS
[33m(WARNING)[39m[34m --- [37mactTasas[34m --- [39m[33m(2026-03-10 11:26:20 am)[39m EL JOB DE ACTUALIZACIÓN HA FALLADO
[31m(ERROR)[39m[34m --- [37mactTasas[34m --- [39m[33m(2026-03-10 11:26:20 am)[39m[31m NAME: [39mCUANTIA_CONNECT_FAILED[31m ERROR: [39mError: connect ECONNREFUSED ::1:4000[31m PARAMS: [39mhttp://localhost:4000/graphql
[32m(LOG)[39m[34m --- [37mactPrecios[34m --- [39m[33m(2026-03-10 11:26:23 am)[39m SE HA CONSULTADO EL CORRELATIVO: 171333
[32m(LOG)[39m[34m --- [37mactPrecios[34m --- [39m[33m(2026-03-10 11:26:23 am)[39m EL ULTIMO CORRELATIVO GUARDADO ES EL: 171333
[32m(LOG)[39m[34m --- [37mactPrecios[34m --- [39m[33m(2026-03-10 11:26:23 am)[39m EL JOB NO DETECTO NINGUNA VENTA
[32m(LOG)[39m[34m --- [37mactPrecios[34m --- [39m[33m(2026-03-10 11:26:23 am)[39m SE HA COMPLETADO EL JOB DE ACTUALIZACIÓN DE PRECIOS
[32m(LOG)[39m[34m --- [37mimportProducts[34m --- [39m[33m(2026-03-10 11:26:25 am)[39m SE HA COMPLETADO EL JOB DE IMPORTACIÓN DE PRODUCTOS
[32m(LOG)[39m[34m --- [37mactPrecios[34m --- [39m[33m(2026-03-10 11:30:00 am)[39m SE HA INICIADO EL JOB DE ACTUALIZACIÓN DE PRECIOS
[32m(LOG)[39m[34m --- [37mactPrecios[34m --- [39m[33m(2026-03-10 11:30:00 am)[39m SE HA CONSULTADO EL CORRELATIVO: 171333
[32m(LOG)[39m[34m --- [37mactPrecios[34m --- [39m[33m(2026-03-10 11:30:00 am)[39m EL ULTIMO CORRELATIVO GUARDADO ES EL: 171333
[32m(LOG)[39m[34m --- [37mactPrecios[34m --- [39m[33m(2026-03-10 11:30:00 am)[39m EL JOB NO DETECTO NINGUNA VENTA
[32m(LOG)[39m[34m --- [37mactPrecios[34m --- [39m[33m(2026-03-10 11:30:00 am)[39m SE HA COMPLETADO EL JOB DE ACTUALIZACIÓN DE PRECIOS
[32m(LOG)[39m[34m --- [37mSYSTEM[34m --- [39m[33m(2026-03-10 11:40:36 am)[39m SERVE ON PORT: 8092
[32m(LOG)[39m[34m --- [37mSYSTEM[34m --- [39m[33m(2026-03-10 11:40:36 am)[39m WEB SOCKET ON PORT: 8097
[32m(LOG)[39m[34m --- [37mSYSTEM[34m --- [39m[33m(2026-03-10 11:40:36 am)[39m FIREBIRD_POOL_START_SUCCESFULL
[31m(ERROR)[39m[34m --- [37mSYSTEM[34m --- [39m[33m(2026-03-10 11:40:36 am)[39m[31m NAME: [39mSYSTEM_UNCAUGHT_ERROR[31m ERROR: [39mError: ENOENT: no such file or directory, open 'C:\Desarrollo\cuantia-prod-repositorios\resources\logs\logs.txt'[31m PARAMS: [39mUNKNOW_PARAMS
[32m(LOG)[39m[34m --- [37mSYSTEM[34m --- [39m[33m(2026-03-10 11:40:36 am)[39m FIREBIRD_CONNECTION_SUCCESFULL
[32m(LOG)[39m[34m --- [37mSYSTEM[34m --- [39m[33m(2026-03-10 11:40:36 am)[39m FIREBIRD_DETACH_DATABASE
[32m(LOG)[39m[34m --- [37mSYSTEM[34m --- [39m[33m(2026-03-10 11:40:36 am)[39m MONGO_CONNECTION_SUCCESFULL
[32m(LOG)[39m[34m --- [37mSYSTEM[34m --- [39m[33m(2026-03-10 11:40:36 am)[39m LAS BASES DE DATOS SE INICIARON CORRECTAMENTE
[32m(LOG)[39m[34m --- [37mSYSTEM[34m --- [39m[33m(2026-03-10 11:40:36 am)[39m LOS JOBS INICIARON CORRECTAMENTE
[32m(LOG)[39m[34m --- [37mactPrecios[34m --- [39m[33m(2026-03-10 11:40:36 am)[39m SE HA INICIADO EL JOB DE ACTUALIZACIÓN DE PRECIOS
[32m(LOG)[39m[34m --- [37mcuantiaLogin[34m --- [39m[33m(2026-03-10 11:40:36 am)[39m SE HA INICIADO EL JOB DE AUTENTICACIÓN CON CUANTIA
[32m(LOG)[39m[34m --- [37mactQrs[34m --- [39m[33m(2026-03-10 11:40:36 am)[39m SE HA INICIADO EL JOB DE ACTUALIZACIÓN DE QRS
[33m(WARNING)[39m[34m --- [37mcuantiaLogin[34m --- [39m[33m(2026-03-10 11:40:36 am)[39m EL JOB DE AUTENTICACIÓN CON CUANTIA HA FALLADO
[31m(ERROR)[39m[34m --- [37mcuantiaLogin[34m --- [39m[33m(2026-03-10 11:40:36 am)[39m[31m NAME: [39mCUANTIA_CONNECT_FAILED[31m ERROR: [39mError: connect ECONNREFUSED ::1:4000[31m PARAMS: [39mhttp://localhost:4000/graphql
[32m(LOG)[39m[34m --- [37maudits[34m --- [39m[33m(2026-03-10 11:40:36 am)[39m SE HA INICIADO EL JOB DE AUDITORIAS NO SENSIBLES
[32m(LOG)[39m[34m --- [37mimportProducts[34m --- [39m[33m(2026-03-10 11:40:36 am)[39m SE HA INICIADO EL JOB DE IMPORTACIÓN DE PRODUCTOS
[33m(WARNING)[39m[34m --- [37maudits[34m --- [39m[33m(2026-03-10 11:40:36 am)[39m EL JOB DE AUDICIÓN DE PRODUCTOS NO SENSIBLES HA FALLADO
[31m(ERROR)[39m[34m --- [37maudits[34m --- [39m[33m(2026-03-10 11:40:36 am)[39m[31m NAME: [39mONLY_SENSITIVE_PRODUCTS[31m ERROR: [39mSYSTEM_ERROR[31m PARAMS: [39m{"NoSensitiveProducts":0}
[32m(LOG)[39m[34m --- [37mactTasas[34m --- [39m[33m(2026-03-10 11:40:36 am)[39m SE HA INICIADO EL JOB DE ACTUALIZACIÓN DE TASAS
[33m(WARNING)[39m[34m --- [37mcrtImgs[34m --- [39m[33m(2026-03-10 11:40:36 am)[39m EL JOB DE IMPORTACION DE IMAGENES AH FALLADO
[31m(ERROR)[39m[34m --- [37mcrtImgs[34m --- [39m[33m(2026-03-10 11:40:36 am)[39m[31m NAME: [39mUNKNOW_ERROR[31m ERROR: [39mError: connect ECONNREFUSED ::1:4000[31m PARAMS: [39mUNKNOW_PARAMS
[32m(LOG)[39m[34m --- [37mimportProducts[34m --- [39m[33m(2026-03-10 11:40:36 am)[39m SE CONSULTARON TODOS LOS PRODUCTOS TERMINADOS
[32m(LOG)[39m[34m --- [37mimportProducts[34m --- [39m[33m(2026-03-10 11:40:36 am)[39m SE PROCESARON TODOS LOS STOCKS DE LOS PRODUCTOS
[32m(LOG)[39m[34m --- [37mactQrs[34m --- [39m[33m(2026-03-10 11:40:36 am)[39m TODOS LOS PRODUCTOS TIENEN QR
[32m(LOG)[39m[34m --- [37mactQrs[34m --- [39m[33m(2026-03-10 11:40:36 am)[39m SE HA COMPLETADO EL JOB DE ACTUALIZACIÓN DE QRS
[33m(WARNING)[39m[34m --- [37mactTasas[34m --- [39m[33m(2026-03-10 11:40:36 am)[39m EL JOB DE ACTUALIZACIÓN HA FALLADO
[31m(ERROR)[39m[34m --- [37mactTasas[34m --- [39m[33m(2026-03-10 11:40:36 am)[39m[31m NAME: [39mCUANTIA_CONNECT_FAILED[31m ERROR: [39mError: connect ECONNREFUSED ::1:4000[31m PARAMS: [39mhttp://localhost:4000/graphql
[32m(LOG)[39m[34m --- [37mactPrecios[34m --- [39m[33m(2026-03-10 11:40:40 am)[39m SE HA CONSULTADO EL CORRELATIVO: 171333
[32m(LOG)[39m[34m --- [37mactPrecios[34m --- [39m[33m(2026-03-10 11:40:40 am)[39m EL ULTIMO CORRELATIVO GUARDADO ES EL: 171333
[32m(LOG)[39m[34m --- [37mactPrecios[34m --- [39m[33m(2026-03-10 11:40:40 am)[39m EL JOB NO DETECTO NINGUNA VENTA
[32m(LOG)[39m[34m --- [37mactPrecios[34m --- [39m[33m(2026-03-10 11:40:40 am)[39m SE HA COMPLETADO EL JOB DE ACTUALIZACIÓN DE PRECIOS
[32m(LOG)[39m[34m --- [37mimportProducts[34m --- [39m[33m(2026-03-10 11:40:42 am)[39m SE HA COMPLETADO EL JOB DE IMPORTACIÓN DE PRODUCTOS
[32m(LOG)[39m[34m --- [37mSYSTEM[34m --- [39m[33m(2026-03-10 11:54:39 am)[39m SERVE ON PORT: 8092
[32m(LOG)[39m[34m --- [37mSYSTEM[34m --- [39m[33m(2026-03-10 11:54:39 am)[39m WEB SOCKET ON PORT: 8097
[32m(LOG)[39m[34m --- [37mSYSTEM[34m --- [39m[33m(2026-03-10 11:54:39 am)[39m FIREBIRD_POOL_START_SUCCESFULL
[31m(ERROR)[39m[34m --- [37mSYSTEM[34m --- [39m[33m(2026-03-10 11:54:39 am)[39m[31m NAME: [39mSYSTEM_UNCAUGHT_ERROR[31m ERROR: [39mError: ENOENT: no such file or directory, open 'C:\Desarrollo\cuantia-prod-repositorios\resources\logs\logs.txt'[31m PARAMS: [39mUNKNOW_PARAMS
[32m(LOG)[39m[34m --- [37mSYSTEM[34m --- [39m[33m(2026-03-10 11:54:39 am)[39m FIREBIRD_CONNECTION_SUCCESFULL
[32m(LOG)[39m[34m --- [37mSYSTEM[34m --- [39m[33m(2026-03-10 11:54:39 am)[39m FIREBIRD_DETACH_DATABASE
[32m(LOG)[39m[34m --- [37mSYSTEM[34m --- [39m[33m(2026-03-10 11:54:39 am)[39m MONGO_CONNECTION_SUCCESFULL
[32m(LOG)[39m[34m --- [37mSYSTEM[34m --- [39m[33m(2026-03-10 11:54:39 am)[39m LAS BASES DE DATOS SE INICIARON CORRECTAMENTE
[32m(LOG)[39m[34m --- [37mSYSTEM[34m --- [39m[33m(2026-03-10 11:54:39 am)[39m LOS JOBS INICIARON CORRECTAMENTE
[32m(LOG)[39m[34m --- [37mactPrecios[34m --- [39m[33m(2026-03-10 11:54:39 am)[39m SE HA INICIADO EL JOB DE ACTUALIZACIÓN DE PRECIOS
[32m(LOG)[39m[34m --- [37mcuantiaLogin[34m --- [39m[33m(2026-03-10 11:54:39 am)[39m SE HA INICIADO EL JOB DE AUTENTICACIÓN CON CUANTIA
[32m(LOG)[39m[34m --- [37mactQrs[34m --- [39m[33m(2026-03-10 11:54:39 am)[39m SE HA INICIADO EL JOB DE ACTUALIZACIÓN DE QRS
[33m(WARNING)[39m[34m --- [37mcuantiaLogin[34m --- [39m[33m(2026-03-10 11:54:40 am)[39m EL JOB DE AUTENTICACIÓN CON CUANTIA HA FALLADO
[31m(ERROR)[39m[34m --- [37mcuantiaLogin[34m --- [39m[33m(2026-03-10 11:54:40 am)[39m[31m NAME: [39mCUANTIA_CONNECT_FAILED[31m ERROR: [39mError: connect ECONNREFUSED ::1:4000[31m PARAMS: [39mhttp://localhost:4000/graphql
[32m(LOG)[39m[34m --- [37maudits[34m --- [39m[33m(2026-03-10 11:54:40 am)[39m SE HA INICIADO EL JOB DE AUDITORIAS NO SENSIBLES
[32m(LOG)[39m[34m --- [37mimportProducts[34m --- [39m[33m(2026-03-10 11:54:40 am)[39m SE HA INICIADO EL JOB DE IMPORTACIÓN DE PRODUCTOS
[33m(WARNING)[39m[34m --- [37maudits[34m --- [39m[33m(2026-03-10 11:54:40 am)[39m EL JOB DE AUDICIÓN DE PRODUCTOS NO SENSIBLES HA FALLADO
[31m(ERROR)[39m[34m --- [37maudits[34m --- [39m[33m(2026-03-10 11:54:40 am)[39m[31m NAME: [39mONLY_SENSITIVE_PRODUCTS[31m ERROR: [39mSYSTEM_ERROR[31m PARAMS: [39m{"NoSensitiveProducts":0}
[32m(LOG)[39m[34m --- [37mactQrs[34m --- [39m[33m(2026-03-10 11:54:40 am)[39m TODOS LOS PRODUCTOS TIENEN QR
[32m(LOG)[39m[34m --- [37mactQrs[34m --- [39m[33m(2026-03-10 11:54:40 am)[39m SE HA COMPLETADO EL JOB DE ACTUALIZACIÓN DE QRS
[32m(LOG)[39m[34m --- [37mactTasas[34m --- [39m[33m(2026-03-10 11:54:40 am)[39m SE HA INICIADO EL JOB DE ACTUALIZACIÓN DE TASAS
[32m(LOG)[39m[34m --- [37mimportProducts[34m --- [39m[33m(2026-03-10 11:54:40 am)[39m SE CONSULTARON TODOS LOS PRODUCTOS TERMINADOS
[32m(LOG)[39m[34m --- [37mimportProducts[34m --- [39m[33m(2026-03-10 11:54:40 am)[39m SE PROCESARON TODOS LOS STOCKS DE LOS PRODUCTOS
[33m(WARNING)[39m[34m --- [37mcrtImgs[34m --- [39m[33m(2026-03-10 11:54:40 am)[39m EL JOB DE IMPORTACION DE IMAGENES AH FALLADO
[31m(ERROR)[39m[34m --- [37mcrtImgs[34m --- [39m[33m(2026-03-10 11:54:40 am)[39m[31m NAME: [39mUNKNOW_ERROR[31m ERROR: [39mError: connect ECONNREFUSED ::1:4000[31m PARAMS: [39mUNKNOW_PARAMS
[33m(WARNING)[39m[34m --- [37mactTasas[34m --- [39m[33m(2026-03-10 11:54:40 am)[39m EL JOB DE ACTUALIZACIÓN HA FALLADO
[31m(ERROR)[39m[34m --- [37mactTasas[34m --- [39m[33m(2026-03-10 11:54:40 am)[39m[31m NAME: [39mCUANTIA_CONNECT_FAILED[31m ERROR: [39mError: connect ECONNREFUSED ::1:4000[31m PARAMS: [39mhttp://localhost:4000/graphql
[32m(LOG)[39m[34m --- [37mactPrecios[34m --- [39m[33m(2026-03-10 11:54:44 am)[39m SE HA CONSULTADO EL CORRELATIVO: 171333
[32m(LOG)[39m[34m --- [37mactPrecios[34m --- [39m[33m(2026-03-10 11:54:44 am)[39m EL ULTIMO CORRELATIVO GUARDADO ES EL: 171333
[32m(LOG)[39m[34m --- [37mactPrecios[34m --- [39m[33m(2026-03-10 11:54:44 am)[39m EL JOB NO DETECTO NINGUNA VENTA
[32m(LOG)[39m[34m --- [37mactPrecios[34m --- [39m[33m(2026-03-10 11:54:44 am)[39m SE HA COMPLETADO EL JOB DE ACTUALIZACIÓN DE PRECIOS
[32m(LOG)[39m[34m --- [37mimportProducts[34m --- [39m[33m(2026-03-10 11:54:46 am)[39m SE HA COMPLETADO EL JOB DE IMPORTACIÓN DE PRODUCTOS
[32m(LOG)[39m[34m --- [37mactPrecios[34m --- [39m[33m(2026-03-10 12:00:00 pm)[39m SE HA INICIADO EL JOB DE ACTUALIZACIÓN DE PRECIOS
[32m(LOG)[39m[34m --- [37mcuantiaLogin[34m --- [39m[33m(2026-03-10 12:00:00 pm)[39m SE HA INICIADO EL JOB DE AUTENTICACIÓN CON CUANTIA
[32m(LOG)[39m[34m --- [37mimportProducts[34m --- [39m[33m(2026-03-10 12:00:00 pm)[39m SE HA INICIADO EL JOB DE IMPORTACIÓN DE PRODUCTOS
[32m(LOG)[39m[34m --- [37mactTasas[34m --- [39m[33m(2026-03-10 12:00:00 pm)[39m SE HA INICIADO EL JOB DE ACTUALIZACIÓN DE TASAS
[32m(LOG)[39m[34m --- [37mimportProducts[34m --- [39m[33m(2026-03-10 12:00:00 pm)[39m SE CONSULTARON TODOS LOS PRODUCTOS TERMINADOS
[32m(LOG)[39m[34m --- [37mimportProducts[34m --- [39m[33m(2026-03-10 12:00:00 pm)[39m SE PROCESARON TODOS LOS STOCKS DE LOS PRODUCTOS
[32m(LOG)[39m[34m --- [37mactTasas[34m --- [39m[33m(2026-03-10 12:00:00 pm)[39m SE HAN ACTUALIZADOS LAS TASAS EN CUANTIA
[32m(LOG)[39m[34m --- [37mactTasas[34m --- [39m[33m(2026-03-10 12:00:00 pm)[39m SE HA COMPLETADO EL JOB DE ACTUALIZACIÓN DE TASAS
[32m(LOG)[39m[34m --- [37mcrtImgs[34m --- [39m[33m(2026-03-10 12:00:00 pm)[39m PRODUCTOS EN CUANTIA SIN IMAGEN: 1442,8697405345298,12359,COMBO-010,7591995140404,759270800231,7593403006166,546584,022000005144,7592647005669,709862171124,142536,1199,CARNE-M001,097537010121,HAMBURGUESA-4,7592647005348,000059,1265,7591446002480,00052,7591902001224,IOSTA0024,7591014013573,709862051952,QB016,7591206003870,7791293043814,75913267,IOSTA0021,1207,7591357000261,1083,7593407001396,7591164000263,0001510,IOSTA0034,7622202255939,1149,7597417000424,7591660060969,000010, 722776001302,722776001300,7592647005195,7592647001746,013409918104,1402,HAMBURGUESA-2,1444
[32m(LOG)[39m[34m --- [37mcuantiaLogin[34m --- [39m[33m(2026-03-10 12:00:00 pm)[39m SE HA AUTENTICADO CON CUANTIA Y ACTUALIZADO EL TOKEN
[32m(LOG)[39m[34m --- [37mcuantiaLogin[34m --- [39m[33m(2026-03-10 12:00:00 pm)[39m SE HA COMPLETADO EL JOB DE AUTENTICACIÓN CON CUANTIA
[32m(LOG)[39m[34m --- [37mcrtImgs[34m --- [39m[33m(2026-03-10 12:00:00 pm)[39m SE HAN ENCONTRADO 0 IMAGENES EN VALERY
[33m(WARNING)[39m[34m --- [37mcrtImgs[34m --- [39m[33m(2026-03-10 12:00:00 pm)[39m NO SE CONSIGUIERON IMAGENES PARA LOS SIGUIENTES PRODUCTOS: 1442,8697405345298,12359,COMBO-010,7591995140404,759270800231,7593403006166,546584,022000005144,7592647005669,709862171124,142536,1199,CARNE-M001,097537010121,HAMBURGUESA-4,7592647005348,000059,1265,7591446002480,00052,7591902001224,IOSTA0024,7591014013573,709862051952,QB016,7591206003870,7791293043814,75913267,IOSTA0021,1207,7591357000261,1083,7593407001396,7591164000263,0001510,IOSTA0034,7622202255939,1149,7597417000424,7591660060969,000010, 722776001302,722776001300,7592647005195,7592647001746,013409918104,1402,HAMBURGUESA-2,1444
[32m(LOG)[39m[34m --- [37mcrtImgs[34m --- [39m[33m(2026-03-10 12:00:00 pm)[39m SE ENVIARAN LAS IMAGENES PARA LOS SIGUIENTES PRODUCTOS: 
[32m(LOG)[39m[34m --- [37mcrtImgs[34m --- [39m[33m(2026-03-10 12:00:00 pm)[39m EL JOB DE IMPORTACION DE IMAGENES HA COMPLETADO
[32m(LOG)[39m[34m --- [37mactPrecios[34m --- [39m[33m(2026-03-10 12:00:00 pm)[39m SE HA CONSULTADO EL CORRELATIVO: 171333
[32m(LOG)[39m[34m --- [37mactPrecios[34m --- [39m[33m(2026-03-10 12:00:00 pm)[39m EL ULTIMO CORRELATIVO GUARDADO ES EL: 171333
[32m(LOG)[39m[34m --- [37mactPrecios[34m --- [39m[33m(2026-03-10 12:00:00 pm)[39m EL JOB NO DETECTO NINGUNA VENTA
[32m(LOG)[39m[34m --- [37mactPrecios[34m --- [39m[33m(2026-03-10 12:00:00 pm)[39m SE HA COMPLETADO EL JOB DE ACTUALIZACIÓN DE PRECIOS
[32m(LOG)[39m[34m --- [37mimportProducts[34m --- [39m[33m(2026-03-10 12:00:04 pm)[39m SE HA COMPLETADO EL JOB DE IMPORTACIÓN DE PRODUCTOS
[32m(LOG)[39m[34m --- [37mactPrecios[34m --- [39m[33m(2026-03-10 12:30:00 pm)[39m SE HA INICIADO EL JOB DE ACTUALIZACIÓN DE PRECIOS
[32m(LOG)[39m[34m --- [37mactPrecios[34m --- [39m[33m(2026-03-10 12:30:00 pm)[39m SE HA CONSULTADO EL CORRELATIVO: 171351
[32m(LOG)[39m[34m --- [37mactPrecios[34m --- [39m[33m(2026-03-10 12:30:00 pm)[39m EL ULTIMO CORRELATIVO GUARDADO ES EL: 171333
[32m(LOG)[39m[34m --- [37mactPrecios[34m --- [39m[33m(2026-03-10 12:30:00 pm)[39m EL JOB DETECTO UNA NUEVA VENTA, SE INICIARA EL PROCESO DE ACTUALIZACIÓN DE PRECIOS
[32m(LOG)[39m[34m --- [37mactPrecios[34m --- [39m[33m(2026-03-10 12:30:01 pm)[39m SE DETERMINARAN LOS PRODUCTOS QUE REQUIEREN ACTUALIZACIÓN
[32m(LOG)[39m[34m --- [37mactPrecios[34m --- [39m[33m(2026-03-10 12:30:03 pm)[39m SE ACTUALIZARAN LOS SIGUIENTES PRODUCTOS: 7591031003250,7591127501868,7591446001568
[32m(LOG)[39m[34m --- [37mactPrecios[34m --- [39m[33m(2026-03-10 12:30:03 pm)[39m LOS RESULTADOS DE LA ACTUALIZACIÓN SON: COMPLETADOS: 7591031003250,7591127501868,7591446001568, FALLADOS: , NO EVALUADOS: , IGNORADOS: , CREADOS: 
[32m(LOG)[39m[34m --- [37mactPrecios[34m --- [39m[33m(2026-03-10 12:30:16 pm)[39m SE HAN GUARDADO LOS PRODUCTOS ACTUALIZADOS
[32m(LOG)[39m[34m --- [37mactPrecios[34m --- [39m[33m(2026-03-10 12:30:16 pm)[39m SE HA COMPLETADO EL JOB DE ACTUALIZACIÓN DE PRECIOS
[32m(LOG)[39m[34m --- [37mactPrecios[34m --- [39m[33m(2026-03-10 1:00:00 pm)[39m SE HA INICIADO EL JOB DE ACTUALIZACIÓN DE PRECIOS
[32m(LOG)[39m[34m --- [37mactPrecios[34m --- [39m[33m(2026-03-10 1:00:00 pm)[39m SE HA CONSULTADO EL CORRELATIVO: 171357
[32m(LOG)[39m[34m --- [37mactPrecios[34m --- [39m[33m(2026-03-10 1:00:00 pm)[39m EL ULTIMO CORRELATIVO GUARDADO ES EL: 171351
[32m(LOG)[39m[34m --- [37mactPrecios[34m --- [39m[33m(2026-03-10 1:00:00 pm)[39m EL JOB DETECTO UNA NUEVA VENTA, SE INICIARA EL PROCESO DE ACTUALIZACIÓN DE PRECIOS
[32m(LOG)[39m[34m --- [37mactPrecios[34m --- [39m[33m(2026-03-10 1:00:00 pm)[39m SE DETERMINARAN LOS PRODUCTOS QUE REQUIEREN ACTUALIZACIÓN
[32m(LOG)[39m[34m --- [37mactPrecios[34m --- [39m[33m(2026-03-10 1:00:03 pm)[39m SE ACTUALIZARAN LOS SIGUIENTES PRODUCTOS: 00012679,7591031100232,75918729,7592647001586,1422,1424,1425,1427,1526,1528,1529,1530
[32m(LOG)[39m[34m --- [37mactPrecios[34m --- [39m[33m(2026-03-10 1:00:03 pm)[39m LOS RESULTADOS DE LA ACTUALIZACIÓN SON: COMPLETADOS: 00012679,7591031100232,75918729,7592647001586,1422,1424,1425,1427,1526,1528,1529,1530, FALLADOS: , NO EVALUADOS: , IGNORADOS: , CREADOS: 
[32m(LOG)[39m[34m --- [37mactPrecios[34m --- [39m[33m(2026-03-10 1:00:16 pm)[39m SE HAN GUARDADO LOS PRODUCTOS ACTUALIZADOS
[32m(LOG)[39m[34m --- [37mactPrecios[34m --- [39m[33m(2026-03-10 1:00:16 pm)[39m SE HA COMPLETADO EL JOB DE ACTUALIZACIÓN DE PRECIOS
[32m(LOG)[39m[34m --- [37mactPrecios[34m --- [39m[33m(2026-03-10 1:30:00 pm)[39m SE HA INICIADO EL JOB DE ACTUALIZACIÓN DE PRECIOS
[32m(LOG)[39m[34m --- [37mactPrecios[34m --- [39m[33m(2026-03-10 1:30:00 pm)[39m SE HA CONSULTADO EL CORRELATIVO: 171360
[32m(LOG)[39m[34m --- [37mactPrecios[34m --- [39m[33m(2026-03-10 1:30:00 pm)[39m EL ULTIMO CORRELATIVO GUARDADO ES EL: 171357
[32m(LOG)[39m[34m --- [37mactPrecios[34m --- [39m[33m(2026-03-10 1:30:00 pm)[39m EL JOB DETECTO UNA NUEVA VENTA, SE INICIARA EL PROCESO DE ACTUALIZACIÓN DE PRECIOS
[32m(LOG)[39m[34m --- [37mactPrecios[34m --- [39m[33m(2026-03-10 1:30:00 pm)[39m SE DETERMINARAN LOS PRODUCTOS QUE REQUIEREN ACTUALIZACIÓN
[32m(LOG)[39m[34m --- [37mactPrecios[34m --- [39m[33m(2026-03-10 1:30:03 pm)[39m SE ACTUALIZARAN LOS SIGUIENTES PRODUCTOS: 7453111203489,7591016008669,7591031001959,7591127123527,1239,1240,1241,1243,1352,1444
[32m(LOG)[39m[34m --- [37mactPrecios[34m --- [39m[33m(2026-03-10 1:30:03 pm)[39m LOS RESULTADOS DE LA ACTUALIZACIÓN SON: COMPLETADOS: 7453111203489,7591031001959,7591127123527,1239,1240,1241,1243,1352,1444, FALLADOS: , NO EVALUADOS: , IGNORADOS: 7591016008669, CREADOS: 
[32m(LOG)[39m[34m --- [37mactPrecios[34m --- [39m[33m(2026-03-10 1:30:16 pm)[39m SE HAN GUARDADO LOS PRODUCTOS ACTUALIZADOS
[32m(LOG)[39m[34m --- [37mactPrecios[34m --- [39m[33m(2026-03-10 1:30:16 pm)[39m SE HA COMPLETADO EL JOB DE ACTUALIZACIÓN DE PRECIOS
[32m(LOG)[39m[34m --- [37mREQUEST[34m --- [39m[33m(2026-03-10 1:49:34 pm)[39m NUEVA PETICIÓN ENTRANTE DESDE ::ffff:192.168.100.80 AL ENDPOINT 192.168.100.80:8092/jobs/logs
[32m(LOG)[39m[34m --- [37mREQUEST[34m --- [39m[33m(2026-03-10 1:49:34 pm)[39m NUEVA PETICIÓN ENTRANTE DESDE ::ffff:192.168.100.80 AL ENDPOINT 192.168.100.80:8092/jobs
[32m(LOG)[39m[34m --- [37mREQUEST[34m --- [39m[33m(2026-03-10 1:49:34 pm)[39m NUEVA PETICIÓN ENTRANTE DESDE ::ffff:192.168.100.80 AL ENDPOINT 192.168.100.80:8092/jobs
[32m(LOG)[39m[34m --- [37mREQUEST[34m --- [39m[33m(2026-03-10 1:53:38 pm)[39m NUEVA PETICIÓN ENTRANTE DESDE ::ffff:192.168.100.80 AL ENDPOINT 192.168.100.80:8092/jobs/logs
[32m(LOG)[39m[34m --- [37mREQUEST[34m --- [39m[33m(2026-03-10 1:53:38 pm)[39m NUEVA PETICIÓN ENTRANTE DESDE ::ffff:192.168.100.80 AL ENDPOINT 192.168.100.80:8092/jobs
[32m(LOG)[39m[34m --- [37mREQUEST[34m --- [39m[33m(2026-03-10 1:53:38 pm)[39m NUEVA PETICIÓN ENTRANTE DESDE ::ffff:192.168.100.80 AL ENDPOINT 192.168.100.80:8092/jobs
[32m(LOG)[39m[34m --- [37mREQUEST[34m --- [39m[33m(2026-03-10 1:54:04 pm)[39m NUEVA PETICIÓN ENTRANTE DESDE ::ffff:192.168.100.80 AL ENDPOINT 192.168.100.80:8092/jobs/logs
[32m(LOG)[39m[34m --- [37mREQUEST[34m --- [39m[33m(2026-03-10 1:54:04 pm)[39m NUEVA PETICIÓN ENTRANTE DESDE ::ffff:192.168.100.80 AL ENDPOINT 192.168.100.80:8092/jobs
[32m(LOG)[39m[34m --- [37mREQUEST[34m --- [39m[33m(2026-03-10 1:54:04 pm)[39m NUEVA PETICIÓN ENTRANTE DESDE ::ffff:192.168.100.80 AL ENDPOINT 192.168.100.80:8092/jobs
[32m(LOG)[39m[34m --- [37mREQUEST[34m --- [39m[33m(2026-03-10 1:54:06 pm)[39m NUEVA PETICIÓN ENTRANTE DESDE ::ffff:192.168.100.80 AL ENDPOINT 192.168.100.80:8092/jobs
[32m(LOG)[39m[34m --- [37mREQUEST[34m --- [39m[33m(2026-03-10 1:54:06 pm)[39m NUEVA PETICIÓN ENTRANTE DESDE ::ffff:192.168.100.80 AL ENDPOINT 192.168.100.80:8092/jobs/logs
[32m(LOG)[39m[34m --- [37mREQUEST[34m --- [39m[33m(2026-03-10 1:54:06 pm)[39m NUEVA PETICIÓN ENTRANTE DESDE ::ffff:192.168.100.80 AL ENDPOINT 192.168.100.80:8092/jobs
[32m(LOG)[39m[34m --- [37mSYSTEM[34m --- [39m[33m(2026-03-10 1:55:29 pm)[39m SERVE ON PORT: 8092
[32m(LOG)[39m[34m --- [37mSYSTEM[34m --- [39m[33m(2026-03-10 1:55:29 pm)[39m WEB SOCKET ON PORT: 8097
[32m(LOG)[39m[34m --- [37mSYSTEM[34m --- [39m[33m(2026-03-10 1:55:29 pm)[39m FIREBIRD_POOL_START_SUCCESFULL
[31m(ERROR)[39m[34m --- [37mSYSTEM[34m --- [39m[33m(2026-03-10 1:55:29 pm)[39m[31m NAME: [39mSYSTEM_UNCAUGHT_ERROR[31m ERROR: [39mError: ENOENT: no such file or directory, open 'C:\Desarrollo\cuantia-prod-repositorios\resources\logs\logs.txt'[31m PARAMS: [39mUNKNOW_PARAMS
[32m(LOG)[39m[34m --- [37mSYSTEM[34m --- [39m[33m(2026-03-10 1:55:29 pm)[39m FIREBIRD_CONNECTION_SUCCESFULL
[32m(LOG)[39m[34m --- [37mSYSTEM[34m --- [39m[33m(2026-03-10 1:55:29 pm)[39m FIREBIRD_DETACH_DATABASE
[32m(LOG)[39m[34m --- [37mSYSTEM[34m --- [39m[33m(2026-03-10 1:55:29 pm)[39m MONGO_CONNECTION_SUCCESFULL
[32m(LOG)[39m[34m --- [37mSYSTEM[34m --- [39m[33m(2026-03-10 1:55:29 pm)[39m LAS BASES DE DATOS SE INICIARON CORRECTAMENTE
[32m(LOG)[39m[34m --- [37mSYSTEM[34m --- [39m[33m(2026-03-10 1:55:29 pm)[39m LOS JOBS INICIARON CORRECTAMENTE
[32m(LOG)[39m[34m --- [37mactPrecios[34m --- [39m[33m(2026-03-10 1:55:29 pm)[39m SE HA INICIADO EL JOB DE ACTUALIZACIÓN DE PRECIOS
[32m(LOG)[39m[34m --- [37mcuantiaLogin[34m --- [39m[33m(2026-03-10 1:55:29 pm)[39m SE HA INICIADO EL JOB DE AUTENTICACIÓN CON CUANTIA
[32m(LOG)[39m[34m --- [37mactQrs[34m --- [39m[33m(2026-03-10 1:55:29 pm)[39m SE HA INICIADO EL JOB DE ACTUALIZACIÓN DE QRS
[33m(WARNING)[39m[34m --- [37mcuantiaLogin[34m --- [39m[33m(2026-03-10 1:55:29 pm)[39m EL JOB DE AUTENTICACIÓN CON CUANTIA HA FALLADO
[31m(ERROR)[39m[34m --- [37mcuantiaLogin[34m --- [39m[33m(2026-03-10 1:55:29 pm)[39m[31m NAME: [39mCUANTIA_CONNECT_FAILED[31m ERROR: [39mError: connect ECONNREFUSED ::1:4000[31m PARAMS: [39mhttp://localhost:4000/graphql
[32m(LOG)[39m[34m --- [37maudits[34m --- [39m[33m(2026-03-10 1:55:29 pm)[39m SE HA INICIADO EL JOB DE AUDITORIAS NO SENSIBLES
[32m(LOG)[39m[34m --- [37mimportProducts[34m --- [39m[33m(2026-03-10 1:55:29 pm)[39m SE HA INICIADO EL JOB DE IMPORTACIÓN DE PRODUCTOS
[32m(LOG)[39m[34m --- [37mactQrs[34m --- [39m[33m(2026-03-10 1:55:29 pm)[39m TODOS LOS PRODUCTOS TIENEN QR
[32m(LOG)[39m[34m --- [37mactQrs[34m --- [39m[33m(2026-03-10 1:55:29 pm)[39m SE HA COMPLETADO EL JOB DE ACTUALIZACIÓN DE QRS
[33m(WARNING)[39m[34m --- [37maudits[34m --- [39m[33m(2026-03-10 1:55:29 pm)[39m EL JOB DE AUDICIÓN DE PRODUCTOS NO SENSIBLES HA FALLADO
[31m(ERROR)[39m[34m --- [37maudits[34m --- [39m[33m(2026-03-10 1:55:29 pm)[39m[31m NAME: [39mONLY_SENSITIVE_PRODUCTS[31m ERROR: [39mSYSTEM_ERROR[31m PARAMS: [39m{"NoSensitiveProducts":0}
[32m(LOG)[39m[34m --- [37mactTasas[34m --- [39m[33m(2026-03-10 1:55:29 pm)[39m SE HA INICIADO EL JOB DE ACTUALIZACIÓN DE TASAS
[33m(WARNING)[39m[34m --- [37mcrtImgs[34m --- [39m[33m(2026-03-10 1:55:29 pm)[39m EL JOB DE IMPORTACION DE IMAGENES AH FALLADO
[31m(ERROR)[39m[34m --- [37mcrtImgs[34m --- [39m[33m(2026-03-10 1:55:29 pm)[39m[31m NAME: [39mUNKNOW_ERROR[31m ERROR: [39mError: connect ECONNREFUSED ::1:4000[31m PARAMS: [39mUNKNOW_PARAMS
[32m(LOG)[39m[34m --- [37mimportProducts[34m --- [39m[33m(2026-03-10 1:55:29 pm)[39m SE CONSULTARON TODOS LOS PRODUCTOS TERMINADOS
[32m(LOG)[39m[34m --- [37mimportProducts[34m --- [39m[33m(2026-03-10 1:55:30 pm)[39m SE PROCESARON TODOS LOS STOCKS DE LOS PRODUCTOS
[33m(WARNING)[39m[34m --- [37mactTasas[34m --- [39m[33m(2026-03-10 1:55:30 pm)[39m EL JOB DE ACTUALIZACIÓN HA FALLADO
[31m(ERROR)[39m[34m --- [37mactTasas[34m --- [39m[33m(2026-03-10 1:55:30 pm)[39m[31m NAME: [39mCUANTIA_CONNECT_FAILED[31m ERROR: [39mError: connect ECONNREFUSED ::1:4000[31m PARAMS: [39mhttp://localhost:4000/graphql
[32m(LOG)[39m[34m --- [37mactPrecios[34m --- [39m[33m(2026-03-10 1:55:33 pm)[39m SE HA CONSULTADO EL CORRELATIVO: 171364
[32m(LOG)[39m[34m --- [37mactPrecios[34m --- [39m[33m(2026-03-10 1:55:33 pm)[39m EL ULTIMO CORRELATIVO GUARDADO ES EL: 171360
[32m(LOG)[39m[34m --- [37mactPrecios[34m --- [39m[33m(2026-03-10 1:55:33 pm)[39m EL JOB DETECTO UNA NUEVA VENTA, SE INICIARA EL PROCESO DE ACTUALIZACIÓN DE PRECIOS
[32m(LOG)[39m[34m --- [37mactPrecios[34m --- [39m[33m(2026-03-10 1:55:34 pm)[39m SE DETERMINARAN LOS PRODUCTOS QUE REQUIEREN ACTUALIZACIÓN
[32m(LOG)[39m[34m --- [37mimportProducts[34m --- [39m[33m(2026-03-10 1:55:36 pm)[39m SE HA COMPLETADO EL JOB DE IMPORTACIÓN DE PRODUCTOS
[32m(LOG)[39m[34m --- [37mactPrecios[34m --- [39m[33m(2026-03-10 1:55:37 pm)[39m SE ACTUALIZARAN LOS SIGUIENTES PRODUCTOS: 7591127123626,7591446000660,7592647001890,7891000248768
[32m(LOG)[39m[34m --- [37mactPrecios[34m --- [39m[33m(2026-03-10 1:55:38 pm)[39m LOS RESULTADOS DE LA ACTUALIZACIÓN SON: COMPLETADOS: 7591127123626,7591446000660,7592647001890,7891000248768, FALLADOS: , NO EVALUADOS: , IGNORADOS: , CREADOS: 
[32m(LOG)[39m[34m --- [37mactPrecios[34m --- [39m[33m(2026-03-10 1:55:51 pm)[39m SE HAN GUARDADO LOS PRODUCTOS ACTUALIZADOS
[32m(LOG)[39m[34m --- [37mactPrecios[34m --- [39m[33m(2026-03-10 1:55:51 pm)[39m SE HA COMPLETADO EL JOB DE ACTUALIZACIÓN DE PRECIOS
[32m(LOG)[39m[34m --- [37mSYSTEM[34m --- [39m[33m(2026-03-10 2:00:00 pm)[39m SERVE ON PORT: 8092
[32m(LOG)[39m[34m --- [37mSYSTEM[34m --- [39m[33m(2026-03-10 2:00:00 pm)[39m WEB SOCKET ON PORT: 8097
[32m(LOG)[39m[34m --- [37mSYSTEM[34m --- [39m[33m(2026-03-10 2:00:00 pm)[39m FIREBIRD_POOL_START_SUCCESFULL
[31m(ERROR)[39m[34m --- [37mSYSTEM[34m --- [39m[33m(2026-03-10 2:00:00 pm)[39m[31m NAME: [39mSYSTEM_UNCAUGHT_ERROR[31m ERROR: [39mError: ENOENT: no such file or directory, open 'C:\Desarrollo\cuantia-prod-repositorios\resources\logs\logs.txt'[31m PARAMS: [39mUNKNOW_PARAMS
[32m(LOG)[39m[34m --- [37mSYSTEM[34m --- [39m[33m(2026-03-10 2:00:00 pm)[39m FIREBIRD_CONNECTION_SUCCESFULL
[32m(LOG)[39m[34m --- [37mSYSTEM[34m --- [39m[33m(2026-03-10 2:00:00 pm)[39m FIREBIRD_DETACH_DATABASE
[32m(LOG)[39m[34m --- [37mSYSTEM[34m --- [39m[33m(2026-03-10 2:00:00 pm)[39m MONGO_CONNECTION_SUCCESFULL
[32m(LOG)[39m[34m --- [37mSYSTEM[34m --- [39m[33m(2026-03-10 2:00:00 pm)[39m LAS BASES DE DATOS SE INICIARON CORRECTAMENTE
[32m(LOG)[39m[34m --- [37mSYSTEM[34m --- [39m[33m(2026-03-10 2:00:00 pm)[39m LOS JOBS INICIARON CORRECTAMENTE
[32m(LOG)[39m[34m --- [37mactPrecios[34m --- [39m[33m(2026-03-10 2:00:00 pm)[39m SE HA INICIADO EL JOB DE ACTUALIZACIÓN DE PRECIOS
[32m(LOG)[39m[34m --- [37mcuantiaLogin[34m --- [39m[33m(2026-03-10 2:00:00 pm)[39m SE HA INICIADO EL JOB DE AUTENTICACIÓN CON CUANTIA
[32m(LOG)[39m[34m --- [37mactQrs[34m --- [39m[33m(2026-03-10 2:00:00 pm)[39m SE HA INICIADO EL JOB DE ACTUALIZACIÓN DE QRS
[33m(WARNING)[39m[34m --- [37mcuantiaLogin[34m --- [39m[33m(2026-03-10 2:00:00 pm)[39m EL JOB DE AUTENTICACIÓN CON CUANTIA HA FALLADO
[31m(ERROR)[39m[34m --- [37mcuantiaLogin[34m --- [39m[33m(2026-03-10 2:00:00 pm)[39m[31m NAME: [39mCUANTIA_CONNECT_FAILED[31m ERROR: [39mError: connect ECONNREFUSED ::1:4000[31m PARAMS: [39mhttp://localhost:4000/graphql
[32m(LOG)[39m[34m --- [37maudits[34m --- [39m[33m(2026-03-10 2:00:00 pm)[39m SE HA INICIADO EL JOB DE AUDITORIAS NO SENSIBLES
[33m(WARNING)[39m[34m --- [37maudits[34m --- [39m[33m(2026-03-10 2:00:00 pm)[39m EL JOB DE AUDICIÓN DE PRODUCTOS NO SENSIBLES HA FALLADO
[31m(ERROR)[39m[34m --- [37maudits[34m --- [39m[33m(2026-03-10 2:00:00 pm)[39m[31m NAME: [39mONLY_SENSITIVE_PRODUCTS[31m ERROR: [39mSYSTEM_ERROR[31m PARAMS: [39m{"NoSensitiveProducts":0}
[32m(LOG)[39m[34m --- [37mimportProducts[34m --- [39m[33m(2026-03-10 2:00:00 pm)[39m SE HA INICIADO EL JOB DE IMPORTACIÓN DE PRODUCTOS
[32m(LOG)[39m[34m --- [37mactTasas[34m --- [39m[33m(2026-03-10 2:00:00 pm)[39m SE HA INICIADO EL JOB DE ACTUALIZACIÓN DE TASAS
[33m(WARNING)[39m[34m --- [37mcrtImgs[34m --- [39m[33m(2026-03-10 2:00:00 pm)[39m EL JOB DE IMPORTACION DE IMAGENES AH FALLADO
[31m(ERROR)[39m[34m --- [37mcrtImgs[34m --- [39m[33m(2026-03-10 2:00:00 pm)[39m[31m NAME: [39mUNKNOW_ERROR[31m ERROR: [39mError: connect ECONNREFUSED ::1:4000[31m PARAMS: [39mUNKNOW_PARAMS
[33m(WARNING)[39m[34m --- [37mactTasas[34m --- [39m[33m(2026-03-10 2:00:00 pm)[39m EL JOB DE ACTUALIZACIÓN HA FALLADO
[31m(ERROR)[39m[34m --- [37mactTasas[34m --- [39m[33m(2026-03-10 2:00:00 pm)[39m[31m NAME: [39mCUANTIA_CONNECT_FAILED[31m ERROR: [39mError: connect ECONNREFUSED ::1:4000[31m PARAMS: [39mhttp://localhost:4000/graphql
[32m(LOG)[39m[34m --- [37mimportProducts[34m --- [39m[33m(2026-03-10 2:00:01 pm)[39m SE CONSULTARON TODOS LOS PRODUCTOS TERMINADOS
[32m(LOG)[39m[34m --- [37mimportProducts[34m --- [39m[33m(2026-03-10 2:00:01 pm)[39m SE PROCESARON TODOS LOS STOCKS DE LOS PRODUCTOS
[32m(LOG)[39m[34m --- [37mactQrs[34m --- [39m[33m(2026-03-10 2:00:01 pm)[39m TODOS LOS PRODUCTOS TIENEN QR
[32m(LOG)[39m[34m --- [37mactQrs[34m --- [39m[33m(2026-03-10 2:00:01 pm)[39m SE HA COMPLETADO EL JOB DE ACTUALIZACIÓN DE QRS
[32m(LOG)[39m[34m --- [37mactPrecios[34m --- [39m[33m(2026-03-10 2:00:05 pm)[39m SE HA CONSULTADO EL CORRELATIVO: 171364
[32m(LOG)[39m[34m --- [37mactPrecios[34m --- [39m[33m(2026-03-10 2:00:05 pm)[39m EL ULTIMO CORRELATIVO GUARDADO ES EL: 171364
[32m(LOG)[39m[34m --- [37mactPrecios[34m --- [39m[33m(2026-03-10 2:00:05 pm)[39m EL JOB NO DETECTO NINGUNA VENTA
[32m(LOG)[39m[34m --- [37mactPrecios[34m --- [39m[33m(2026-03-10 2:00:05 pm)[39m SE HA COMPLETADO EL JOB DE ACTUALIZACIÓN DE PRECIOS
[32m(LOG)[39m[34m --- [37mimportProducts[34m --- [39m[33m(2026-03-10 2:00:06 pm)[39m SE HA COMPLETADO EL JOB DE IMPORTACIÓN DE PRODUCTOS
